---
source: src/eval.rs
expression: "test(\"z\")"
---
Err(
    UnregistredValue {
        help: None,
        value: 0..1,
    },
)
