---
source: src/parser.rs
expression: "parse(\"+\")"
---
Ok(
    [
        Var(
            "+",
        ),
    ],
)
