---
source: src/parser.rs
expression: "parse(\"\\\"\\\"\")"
---
Ok(
    [
        StringLiteral(
            "",
            0..2,
        ),
    ],
)
