---
source: src/eval.rs
expression: "test(\"(head heaf)\")"
---
Err(
    UnregistredValue {
        help: Some(
            "did you mean 'head' perhaps? note that 'head' is a function not a value",
        ),
        value: 6..10,
    },
)
