---
source: src/eval.rs
expression: "test(\"clope\")"
---
Err(
    UnregistredValue {
        help: Some(
            "did you mean 'close' perhaps?",
        ),
        value: 0..5,
    },
)
