---
source: src/parser.rs
expression: "print_ast(&parse(\"((:)(:))\").unwrap()[0])"
---
"((:) (:))"
