---
source: src/parser.rs
expression: "parse(\"// arstarstarst\\nthis-is-a-test//arstarst\")"
---
Ok(
    [
        Var(
            "this-is-a-test",
            16..30,
        ),
    ],
)
