---
source: src/parser.rs
expression: "parse(\"this-is-a-test//arstarst\")"
---
Ok(
    [
        Var(
            "this-is-a-test",
        ),
    ],
)
