---
source: src/parser.rs
expression: "parse(\"str->int\")"
---
Ok(
    [
        Var(
            "str->int",
        ),
    ],
)
