---
source: src/parser.rs
expression: "parse(\"#aaaaaa // arstarst //arstrst\")"
---
Ok(
    [
        ColorLiteral(
            "aaaaaa",
            0..7,
        ),
    ],
)
