---
source: src/parser.rs
expression: "parse(\"   this-is-a-test\")"
---
Ok(
    [
        Var(
            "this-is-a-test",
            3..17,
        ),
    ],
)
