---
source: src/parser.rs
expression: "parse(\"   #aaaaaa\")"
---
Ok(
    [
        ColorLiteral(
            "aaaaaa",
            3..10,
        ),
    ],
)
