---
source: src/eval.rs
expression: "test(\"(a b #ffffff)\")"
---
Err(
    UnregistredFunction {
        help: Some(
            "'a' is a value, not a function and cannot be called",
        ),
        function: 1..2,
    },
)
