---
source: src/parser.rs
expression: "parse(\"#aFaFFA//arstRSTarst arst arst\")"
---
Ok(
    [
        ColorLiteral(
            "aFaFFA",
            0..7,
        ),
    ],
)
