---
source: src/eval.rs
expression: "test(\"a\")"
---
Ok(
    [
        pushc String("a"),
    ],
)
