---
source: src/parser.rs
expression: "parse(\"  #111111  \")"
---
Ok(
    [
        ColorLiteral(
            "111111",
            2..9,
        ),
    ],
)
