---
source: src/parser.rs
expression: "parse(\"\\n\\n#aaaaaa\\n\\n\")"
---
Ok(
    [
        ColorLiteral(
            "aaaaaa",
        ),
    ],
)
